[oulad_day60_cross_cohort] rep 0 32s
[oulad_day60_cross_cohort] rep 1 29s
[oulad_day60_cross_cohort] rep 2 31s
[oulad_day60_cross_cohort] rep 3 31s
[oulad_day60_cross_cohort] rep 4 34s
[oulad_day60_cross_cohort] rep 5 30s
[oulad_day60_cross_cohort] rep 6 32s
[oulad_day60_cross_cohort] rep 7 33s
[oulad_day60_cross_cohort] rep 8 32s
[oulad_day60_cross_cohort] rep 9 31s
[oulad_day60_cross_cohort] rep 10 32s
[oulad_day60_cross_cohort] rep 11 31s
[oulad_day60_cross_cohort] rep 12 29s
[oulad_day60_cross_cohort] rep 13 32s
[oulad_day60_cross_cohort] rep 14 31s
[oulad_day60_cross_cohort] rep 15 30s
[oulad_day60_cross_cohort] rep 16 35s
[oulad_day60_cross_cohort] rep 17 30s
[oulad_day60_cross_cohort] rep 18 29s
[oulad_day60_cross_cohort] rep 19 29s
[oulad_day60_cross_cohort] done
[oulad_day60_cross_cohort_common] rep 0 26s
[oulad_day60_cross_cohort_common] rep 1 24s
[oulad_day60_cross_cohort_common] rep 2 24s
[oulad_day60_cross_cohort_common] rep 3 24s
[oulad_day60_cross_cohort_common] rep 4 24s
[oulad_day60_cross_cohort_common] rep 5 24s
[oulad_day60_cross_cohort_common] rep 6 25s
[oulad_day60_cross_cohort_common] rep 7 24s
[oulad_day60_cross_cohort_common] rep 8 24s
[oulad_day60_cross_cohort_common] rep 9 24s
[oulad_day60_cross_cohort_common] rep 10 24s
[oulad_day60_cross_cohort_common] rep 11 24s
[oulad_day60_cross_cohort_common] rep 12 24s
[oulad_day60_cross_cohort_common] rep 13 24s
[oulad_day60_cross_cohort_common] rep 14 24s
[oulad_day60_cross_cohort_common] rep 15 24s
[oulad_day60_cross_cohort_common] rep 16 24s
[oulad_day60_cross_cohort_common] rep 17 25s
[oulad_day60_cross_cohort_common] rep 18 25s
[oulad_day60_cross_cohort_common] rep 19 24s
[oulad_day60_cross_cohort_common] done
[oulad_day60_cross_cohort_n1370] rep 0 28s
[oulad_day60_cross_cohort_n1370] rep 1 29s
[oulad_day60_cross_cohort_n1370] rep 2 26s
[oulad_day60_cross_cohort_n1370] rep 3 28s
[oulad_day60_cross_cohort_n1370] rep 4 29s
[oulad_day60_cross_cohort_n1370] rep 5 30s
[oulad_day60_cross_cohort_n1370] rep 6 28s
[oulad_day60_cross_cohort_n1370] rep 7 27s
[oulad_day60_cross_cohort_n1370] rep 8 28s
[oulad_day60_cross_cohort_n1370] rep 9 31s
[oulad_day60_cross_cohort_n1370] rep 10 27s
[oulad_day60_cross_cohort_n1370] rep 11 29s
[oulad_day60_cross_cohort_n1370] rep 12 33s
[oulad_day60_cross_cohort_n1370] rep 13 21s
[oulad_day60_cross_cohort_n1370] rep 14 25s
[oulad_day60_cross_cohort_n1370] rep 15 22s
[oulad_day60_cross_cohort_n1370] rep 16 23s
[oulad_day60_cross_cohort_n1370] rep 17 23s
[oulad_day60_cross_cohort_n1370] rep 18 23s
[oulad_day60_cross_cohort_n1370] rep 19 22s
[oulad_day60_cross_cohort_n1370] done
