[oulad_day30_cross_cohort] rep 0 27s
[oulad_day30_cross_cohort] rep 1 25s
[oulad_day30_cross_cohort] rep 2 26s
[oulad_day30_cross_cohort] rep 3 25s
[oulad_day30_cross_cohort] rep 4 26s
[oulad_day30_cross_cohort] rep 5 26s
[oulad_day30_cross_cohort] rep 6 25s
[oulad_day30_cross_cohort] rep 7 24s
[oulad_day30_cross_cohort] rep 8 26s
[oulad_day30_cross_cohort] rep 9 26s
[oulad_day30_cross_cohort] rep 10 26s
[oulad_day30_cross_cohort] rep 11 26s
[oulad_day30_cross_cohort] rep 12 25s
[oulad_day30_cross_cohort] rep 13 25s
[oulad_day30_cross_cohort] rep 14 26s
[oulad_day30_cross_cohort] rep 15 27s
[oulad_day30_cross_cohort] rep 16 26s
[oulad_day30_cross_cohort] rep 17 26s
[oulad_day30_cross_cohort] rep 18 26s
[oulad_day30_cross_cohort] rep 19 25s
[oulad_day30_cross_cohort] done
[oulad_day30_cross_cohort_common] rep 0 26s
[oulad_day30_cross_cohort_common] rep 1 23s
[oulad_day30_cross_cohort_common] rep 2 24s
[oulad_day30_cross_cohort_common] rep 3 23s
[oulad_day30_cross_cohort_common] rep 4 23s
[oulad_day30_cross_cohort_common] rep 5 23s
[oulad_day30_cross_cohort_common] rep 6 24s
[oulad_day30_cross_cohort_common] rep 7 24s
[oulad_day30_cross_cohort_common] rep 8 24s
[oulad_day30_cross_cohort_common] rep 9 24s
[oulad_day30_cross_cohort_common] rep 10 23s
[oulad_day30_cross_cohort_common] rep 11 24s
[oulad_day30_cross_cohort_common] rep 12 24s
[oulad_day30_cross_cohort_common] rep 13 23s
[oulad_day30_cross_cohort_common] rep 14 24s
[oulad_day30_cross_cohort_common] rep 15 23s
[oulad_day30_cross_cohort_common] rep 16 23s
[oulad_day30_cross_cohort_common] rep 17 24s
[oulad_day30_cross_cohort_common] rep 18 23s
[oulad_day30_cross_cohort_common] rep 19 24s
[oulad_day30_cross_cohort_common] done
[oulad_day30_cross_cohort_n1370] rep 0 25s
[oulad_day30_cross_cohort_n1370] rep 1 23s
[oulad_day30_cross_cohort_n1370] rep 2 23s
[oulad_day30_cross_cohort_n1370] rep 3 24s
[oulad_day30_cross_cohort_n1370] rep 4 23s
[oulad_day30_cross_cohort_n1370] rep 5 24s
[oulad_day30_cross_cohort_n1370] rep 6 25s
[oulad_day30_cross_cohort_n1370] rep 7 24s
[oulad_day30_cross_cohort_n1370] rep 8 24s
[oulad_day30_cross_cohort_n1370] rep 9 24s
[oulad_day30_cross_cohort_n1370] rep 10 24s
[oulad_day30_cross_cohort_n1370] rep 11 25s
[oulad_day30_cross_cohort_n1370] rep 12 24s
[oulad_day30_cross_cohort_n1370] rep 13 24s
[oulad_day30_cross_cohort_n1370] rep 14 25s
[oulad_day30_cross_cohort_n1370] rep 15 24s
[oulad_day30_cross_cohort_n1370] rep 16 25s
[oulad_day30_cross_cohort_n1370] rep 17 25s
[oulad_day30_cross_cohort_n1370] rep 18 24s
[oulad_day30_cross_cohort_n1370] rep 19 24s
[oulad_day30_cross_cohort_n1370] done
