[oulad_day90_cross_cohort] rep 0 29s
[oulad_day90_cross_cohort] rep 1 28s
[oulad_day90_cross_cohort] rep 2 28s
[oulad_day90_cross_cohort] rep 3 27s
[oulad_day90_cross_cohort] rep 4 28s
[oulad_day90_cross_cohort] rep 5 27s
[oulad_day90_cross_cohort] rep 6 27s
[oulad_day90_cross_cohort] rep 7 27s
[oulad_day90_cross_cohort] rep 8 28s
[oulad_day90_cross_cohort] rep 9 27s
[oulad_day90_cross_cohort] rep 10 28s
[oulad_day90_cross_cohort] rep 11 27s
[oulad_day90_cross_cohort] rep 12 27s
[oulad_day90_cross_cohort] rep 13 26s
[oulad_day90_cross_cohort] rep 14 27s
[oulad_day90_cross_cohort] rep 15 28s
[oulad_day90_cross_cohort] rep 16 27s
[oulad_day90_cross_cohort] rep 17 27s
[oulad_day90_cross_cohort] rep 18 27s
[oulad_day90_cross_cohort] rep 19 28s
[oulad_day90_cross_cohort] done
[oulad_day90_cross_cohort_common] rep 0 26s
[oulad_day90_cross_cohort_common] rep 1 24s
[oulad_day90_cross_cohort_common] rep 2 24s
[oulad_day90_cross_cohort_common] rep 3 24s
[oulad_day90_cross_cohort_common] rep 4 24s
[oulad_day90_cross_cohort_common] rep 5 24s
[oulad_day90_cross_cohort_common] rep 6 24s
[oulad_day90_cross_cohort_common] rep 7 24s
[oulad_day90_cross_cohort_common] rep 8 24s
[oulad_day90_cross_cohort_common] rep 9 24s
[oulad_day90_cross_cohort_common] rep 10 24s
[oulad_day90_cross_cohort_common] rep 11 24s
[oulad_day90_cross_cohort_common] rep 12 24s
[oulad_day90_cross_cohort_common] rep 13 24s
[oulad_day90_cross_cohort_common] rep 14 24s
[oulad_day90_cross_cohort_common] rep 15 24s
[oulad_day90_cross_cohort_common] rep 16 24s
[oulad_day90_cross_cohort_common] rep 17 24s
[oulad_day90_cross_cohort_common] rep 18 24s
[oulad_day90_cross_cohort_common] rep 19 24s
[oulad_day90_cross_cohort_common] done
[oulad_day90_cross_cohort_n1370] rep 0 27s
[oulad_day90_cross_cohort_n1370] rep 1 25s
[oulad_day90_cross_cohort_n1370] rep 2 25s
[oulad_day90_cross_cohort_n1370] rep 3 25s
[oulad_day90_cross_cohort_n1370] rep 4 26s
[oulad_day90_cross_cohort_n1370] rep 5 25s
[oulad_day90_cross_cohort_n1370] rep 6 25s
[oulad_day90_cross_cohort_n1370] rep 7 25s
[oulad_day90_cross_cohort_n1370] rep 8 25s
[oulad_day90_cross_cohort_n1370] rep 9 26s
[oulad_day90_cross_cohort_n1370] rep 10 26s
[oulad_day90_cross_cohort_n1370] rep 11 26s
[oulad_day90_cross_cohort_n1370] rep 12 25s
[oulad_day90_cross_cohort_n1370] rep 13 25s
[oulad_day90_cross_cohort_n1370] rep 14 25s
[oulad_day90_cross_cohort_n1370] rep 15 25s
[oulad_day90_cross_cohort_n1370] rep 16 25s
[oulad_day90_cross_cohort_n1370] rep 17 21s
[oulad_day90_cross_cohort_n1370] rep 18 20s
[oulad_day90_cross_cohort_n1370] rep 19 19s
[oulad_day90_cross_cohort_n1370] done
